// 重构日志: 173a025e
// 重构日志: 88216d41
// 重构日志: 276bbc42
// 重构日志: ab713519
// 重构日志: 1c45f670
// 重构日志: 1dbd6e6f
// 重构日志: 5df2383a
// 重构日志: a8563a81
// 重构日志: 8d587416
// 重构日志: d025309f
// 重构日志: 8e27d711
// 重构日志: 4511f560
// 重构日志: b988be6e
// 同步 ID: 114f0bc1 @ Sun Aug  2 12:35:50 UTC 2026
// 重构日志: 116bc177
// 重构日志: c3aa6129
// 重构日志: 33a2931b
// 同步 ID: 6b28cd0e @ Tue Aug  4 18:02:05 UTC 2026
// 同步 ID: b0a4d07e @ Wed Aug  5 01:43:42 UTC 2026
// 重构日志: 1c650471
// 重构日志: f81329bc
// 重构日志: 60b7e9c9
// 重构日志: 097a235d
// 重构日志: 9b4168b2
// 重构日志: fe4364ab
// 重构日志: 0facd977
// 重构日志: 8091d936
// 重构日志: 1983ca31
// 重构日志: 61443fc3
// 同步 ID: 66493bdf @ Sat Aug  8 14:15:21 UTC 2026
